Apr 22 22:47:33 tokyo systemd[19730]: Queued start job for default target Main User Target.
Apr 22 22:47:33 tokyo systemd[19730]: Created slice User Application Slice.
Apr 22 22:47:33 tokyo systemd[19730]: Created slice User Core Session Slice.
Apr 22 22:47:33 tokyo systemd[19730]: Started Daily Cleanup of User's Temporary Directories.
Apr 22 22:47:33 tokyo systemd[19730]: Reached target Paths.
Apr 22 22:47:33 tokyo systemd[19730]: Reached target Timers.
Apr 22 22:47:33 tokyo systemd[19730]: Starting D-Bus User Message Bus Socket...
Apr 22 22:47:33 tokyo systemd[19730]: Starting GCR ssh-agent wrapper...
Apr 22 22:47:33 tokyo systemd[19730]: Listening on PipeWire PulseAudio.
Apr 22 22:47:33 tokyo systemd[19730]: Listening on PipeWire Multimedia System Sockets.
Apr 22 22:47:33 tokyo systemd[19730]: Listening on Podman API Socket.
Apr 22 22:47:33 tokyo systemd[19730]: Listening on Speech Dispatcher Socket.
Apr 22 22:47:33 tokyo systemd[19730]: Starting Create User Files and Directories...
Apr 22 22:47:33 tokyo systemd[19730]: Finished Create User Files and Directories.
Apr 22 22:47:33 tokyo systemd[19730]: Listening on D-Bus User Message Bus Socket.
Apr 22 22:47:33 tokyo systemd[19730]: Listening on GCR ssh-agent wrapper.
Apr 22 22:47:33 tokyo systemd[19730]: Reached target Sockets.
Apr 22 22:47:33 tokyo systemd[19730]: Reached target Basic System.
Apr 22 22:47:33 tokyo systemd[19730]: Starting D-Bus User Message Bus...
Apr 22 22:47:33 tokyo systemd[19730]: Started GCR ssh-agent wrapper.
Apr 22 22:47:33 tokyo systemd[19730]: Starting Run user-specific NixOS activation...
Apr 22 22:47:33 tokyo systemd[19730]: Started D-Bus User Message Bus.
Apr 22 22:47:33 tokyo systemd[19730]: Finished Run user-specific NixOS activation.
Apr 22 22:47:33 tokyo systemd[19730]: Reached target Main User Target.
Apr 22 22:47:33 tokyo systemd[19730]: Startup finished in 248ms.
Apr 22 22:47:33 tokyo .gnome-session-[19762]: Starting GNOME session target: gnome-session-wayland@gnome-login.target
Apr 22 22:47:33 tokyo systemd[19730]: Created slice Slice /app/gnome-session-manager.
Apr 22 22:47:33 tokyo systemd[19730]: Reached target GNOME Wayland Session.
Apr 22 22:47:33 tokyo systemd[19730]: Reached target GNOME Shell.
Apr 22 22:47:33 tokyo systemd[19730]: GNOME Initial Setup Copy Worker skipped, unmet condition check ConditionEnvironment=XDG_SESSION_CLASS=user
Apr 22 22:47:33 tokyo systemd[19730]: Reached target Session services which should run early before the graphical session is brought up.
Apr 22 22:47:33 tokyo systemd[19730]: Starting Monitor Session leader for GNOME Session...
Apr 22 22:47:33 tokyo systemd[19730]: Started Monitor Session leader for GNOME Session.
Apr 22 22:47:33 tokyo systemd[19730]: Reached target Tasks to be run before GNOME Session starts.
Apr 22 22:47:33 tokyo systemd[19730]: Starting GNOME Session Manager (session: gnome-login)...
Apr 22 22:47:33 tokyo systemd[19730]: Started GNOME Session Manager (session: gnome-login).
Apr 22 22:47:33 tokyo systemd[19730]: Reached target GNOME Session Manager is ready.
Apr 22 22:47:33 tokyo systemd[19730]: Starting GNOME Shell on Wayland...
Apr 22 22:47:33 tokyo gnome-shell[19785]: Running GNOME Shell (using mutter 49.2) as a Wayland display server
Apr 22 22:47:33 tokyo gnome-shell[19785]: No seat assigned, running headlessly
Apr 22 22:47:33 tokyo gnome-shell[19785]: Added device '/dev/dri/renderD128' (i915) using no mode setting.
Apr 22 22:47:33 tokyo gnome-shell[19785]: Created gbm renderer for '/dev/dri/renderD128'
Apr 22 22:47:33 tokyo gnome-shell[19785]: Boot VGA GPU /dev/dri/renderD128 selected as primary
Apr 22 22:47:33 tokyo gnome-shell[19785]: Obtained a high priority EGL context
Apr 22 22:47:33 tokyo dbus-daemon[19749]: [session uid=60581 pid=19749] Activating via systemd: service name='org.a11y.Bus' unit='at-spi-dbus-bus.service' requested by ':1.8' (uid=60581 pid=19785 comm="/nix/store/k29i5y013dcb8hs5likzpm4wca7n01s7-gnome-")
Apr 22 22:47:33 tokyo systemd[19730]: Starting Accessibility services bus...
Apr 22 22:47:33 tokyo dbus-daemon[19749]: [session uid=60581 pid=19749] Successfully activated service 'org.a11y.Bus'
Apr 22 22:47:33 tokyo systemd[19730]: Started Accessibility services bus.
Apr 22 22:47:33 tokyo gnome-shell[19785]: Using public X11 display :1028, (using :1029 for managed services)
Apr 22 22:47:33 tokyo gnome-shell[19785]: Using Wayland display name 'wayland-0'
Apr 22 22:47:33 tokyo at-spi-bus-launcher[19815]: dbus-daemon[19815]: Activating service name='org.a11y.atspi.Registry' requested by ':1.0' (uid=60581 pid=19785 comm="/nix/store/k29i5y013dcb8hs5likzpm4wca7n01s7-gnome-")
Apr 22 22:47:33 tokyo at-spi-bus-launcher[19815]: dbus-daemon[19815]: Successfully activated service 'org.a11y.atspi.Registry'
Apr 22 22:47:33 tokyo at-spi-bus-launcher[19817]: SpiRegistry daemon is running with well-known name - org.a11y.atspi.Registry
Apr 22 22:47:33 tokyo .gnome-shell-wr[19785]: Unset XDG_SESSION_ID, getCurrentSessionProxy() called outside a user session. Asking logind directly.
Apr 22 22:47:33 tokyo dbus-daemon[19749]: [session uid=60581 pid=19749] Activating service name='org.gnome.Shell.Screencast' requested by ':1.7' (uid=60581 pid=19785 comm="/nix/store/k29i5y013dcb8hs5likzpm4wca7n01s7-gnome-")
Apr 22 22:47:33 tokyo dbus-daemon[19749]: [session uid=60581 pid=19749] Activating via systemd: service name='org.freedesktop.impl.portal.PermissionStore' unit='xdg-permission-store.service' requested by ':1.7' (uid=60581 pid=19785 comm="/nix/store/k29i5y013dcb8hs5likzpm4wca7n01s7-gnome-")
Apr 22 22:47:33 tokyo systemd[19730]: Starting sandboxed app permission store...
Apr 22 22:47:33 tokyo dbus-daemon[19749]: [session uid=60581 pid=19749] Successfully activated service 'org.freedesktop.impl.portal.PermissionStore'
Apr 22 22:47:33 tokyo systemd[19730]: Started sandboxed app permission store.
Apr 22 22:47:33 tokyo .gnome-shell-wr[19785]: Registering session with GDM
Apr 22 22:47:33 tokyo dbus-daemon[19749]: [session uid=60581 pid=19749] Activating service name='org.gnome.Shell.Notifications' requested by ':1.7' (uid=60581 pid=19785 comm="/nix/store/k29i5y013dcb8hs5likzpm4wca7n01s7-gnome-")
Apr 22 22:47:33 tokyo gnome-shell[19785]: Could not issue 'GetUnit' systemd call
Apr 22 22:47:33 tokyo systemd[19730]: Started GNOME Shell on Wayland.
Apr 22 22:47:33 tokyo systemd[19730]: Reached target GNOME Session is initialized.
Apr 22 22:47:33 tokyo systemd[19730]: Reached target GNOME basic session services.
Apr 22 22:47:33 tokyo systemd[19730]: Reached target GNOME Session (session: gnome-login).
Apr 22 22:47:33 tokyo systemd[19730]: Starting Signal initialization done to GNOME Session Manager...
Apr 22 22:47:33 tokyo systemd[19730]: Starting GNOME accessibility service...
Apr 22 22:47:33 tokyo systemd[19730]: Starting GNOME keyboard configuration service...
Apr 22 22:47:33 tokyo systemd[19730]: Starting GNOME keyboard shortcuts service...
Apr 22 22:47:33 tokyo systemd[19730]: Starting GNOME power management service...
Apr 22 22:47:33 tokyo gnome-session-service[19779]: Entering running state
Apr 22 22:47:33 tokyo systemd[19730]: Starting GNOME RFKill support service...
Apr 22 22:47:33 tokyo .gnome-shell-wr[19785]: Failed to launch ibus-daemon: Failed to execute child process “ibus-daemon” (No such file or directory)
Apr 22 22:47:33 tokyo systemd[19730]: Starting GNOME file sharing service...
Apr 22 22:47:33 tokyo systemd[19730]: Starting GNOME smartcard service...
Apr 22 22:47:33 tokyo systemd[19730]: Starting GNOME USB protection service...
Apr 22 22:47:33 tokyo systemd[19730]: Finished Signal initialization done to GNOME Session Manager.
Apr 22 22:47:33 tokyo systemd[19730]: Started GNOME accessibility service.
Apr 22 22:47:33 tokyo systemd[19730]: Reached target GNOME accessibility target.
Apr 22 22:47:33 tokyo systemd[19730]: Started GNOME keyboard configuration service.
Apr 22 22:47:33 tokyo systemd[19730]: Reached target GNOME keyboard configuration target.
Apr 22 22:47:33 tokyo .gnome-shell-wr[19785]: Will monitor session c4
Apr 22 22:47:33 tokyo systemd[19730]: Started GNOME file sharing service.
Apr 22 22:47:33 tokyo systemd[19730]: Reached target GNOME file sharing target.
Apr 22 22:47:33 tokyo systemd[19730]: Started GNOME USB protection service.
Apr 22 22:47:33 tokyo systemd[19730]: Reached target GNOME USB protection target.
Apr 22 22:47:33 tokyo gsd-rfkill[19874]: Could not open rfkill device: Could not open RFKILL control device, please verify your installation
Apr 22 22:47:33 tokyo systemd[19730]: Started GNOME RFKill support service.
Apr 22 22:47:33 tokyo systemd[19730]: Reached target GNOME RFKill support target.
Apr 22 22:47:33 tokyo systemd[19730]: Started GNOME keyboard shortcuts service.
Apr 22 22:47:33 tokyo systemd[19730]: Reached target GNOME keyboard shortcuts target.
Apr 22 22:47:33 tokyo systemd[19730]: Started GNOME power management service.
Apr 22 22:47:33 tokyo systemd[19730]: Reached target GNOME power management target.
Apr 22 22:47:33 tokyo systemd[19730]: Started GNOME smartcard service.
Apr 22 22:47:33 tokyo gsd-media-keys[19862]: Unable to inhibit keypresses: GDBus.Error:org.freedesktop.DBus.Error.AccessDenied: Permission denied
Apr 22 22:47:33 tokyo systemd[19730]: Reached target GNOME smartcard target.
Apr 22 22:47:33 tokyo systemd[19730]: Reached target GNOME Session.
Apr 22 22:47:33 tokyo systemd[19730]: Reached target GNOME Wayland Session (session: gnome-login).
Apr 22 22:47:33 tokyo systemd[19730]: Reached target Current graphical user session.
Apr 22 22:47:33 tokyo systemd[19730]: GNOME Initial Setup skipped, unmet condition check ConditionEnvironment=XDG_SESSION_CLASS=user
Apr 22 22:47:33 tokyo dbus-daemon[19749]: [session uid=60581 pid=19749] Activating service name='org.gnome.ScreenSaver' requested by ':1.18' (uid=60581 pid=19879 comm="/nix/store/xsws6zdlcz4wxpw4srbi48ndy9lqsgqj-gnome-")
Apr 22 22:47:33 tokyo dbus-daemon[19749]: [session uid=60581 pid=19749] Successfully activated service 'org.gnome.Shell.Notifications'
Apr 22 22:47:33 tokyo .gnome-shell-wr[19785]: Error looking up permission: GDBus.Error:org.freedesktop.portal.Error.NotFound: No entry for geolocation
Apr 22 22:47:33 tokyo systemd[19730]: Started PipeWire Multimedia Service.
Apr 22 22:47:33 tokyo systemd[19730]: Started PipeWire PulseAudio.
Apr 22 22:47:33 tokyo systemd[19730]: Started Multimedia Service Session Manager.
Apr 22 22:47:33 tokyo .gnome-shell-wr[19785]: Missing required core component Settings, expect trouble…
Apr 22 22:47:33 tokyo dbus-daemon[19749]: [session uid=60581 pid=19749] Activating via systemd: service name='org.freedesktop.portal.Desktop' unit='xdg-desktop-portal.service' requested by ':1.28' (uid=60581 pid=19823 comm="/nix/store/z31m80cmj9iz8nqapjg7g77df2zjnx6l-gjs-1.")
Apr 22 22:47:33 tokyo systemd[19730]: Starting Portal service...
Apr 22 22:47:33 tokyo dbus-daemon[19749]: [session uid=60581 pid=19749] Successfully activated service 'org.gnome.ScreenSaver'
Apr 22 22:47:33 tokyo dbus-daemon[19749]: [session uid=60581 pid=19749] Activating via systemd: service name='org.freedesktop.portal.Documents' unit='xdg-document-portal.service' requested by ':1.31' (uid=60581 pid=19963 comm="/nix/store/15vzkg4d013qp9yvj7hsf386x26k6bhg-xdg-de")
Apr 22 22:47:33 tokyo systemd[19730]: Starting flatpak document portal service...
Apr 22 22:47:33 tokyo dbus-daemon[19749]: [session uid=60581 pid=19749] Successfully activated service 'org.freedesktop.portal.Documents'
Apr 22 22:47:33 tokyo systemd[19730]: Started flatpak document portal service.
Apr 22 22:47:33 tokyo dbus-daemon[19749]: [session uid=60581 pid=19749] Activating via systemd: service name='org.freedesktop.impl.portal.desktop.gnome' unit='xdg-desktop-portal-gnome.service' requested by ':1.31' (uid=60581 pid=19963 comm="/nix/store/15vzkg4d013qp9yvj7hsf386x26k6bhg-xdg-de")
Apr 22 22:47:33 tokyo systemd[19730]: Starting Portal service (GNOME implementation)...
Apr 22 22:47:33 tokyo gsd-usb-protection[19879]: Failed to fetch USBGuard parameters: GDBus.Error:org.freedesktop.DBus.Error.ServiceUnknown: The name org.usbguard1 was not provided by any .service files
Apr 22 22:47:33 tokyo gsd-media-keys[19862]: Failed to grab accelerator for keybinding settings:hibernate
Apr 22 22:47:33 tokyo gsd-media-keys[19862]: Failed to grab accelerator for keybinding settings:playback-repeat
Apr 22 22:47:33 tokyo dbus-daemon[19749]: [session uid=60581 pid=19749] Activating via systemd: service name='ca.desrt.dconf' unit='dconf.service' requested by ':1.7' (uid=60581 pid=19785 comm="/nix/store/k29i5y013dcb8hs5likzpm4wca7n01s7-gnome-")
Apr 22 22:47:33 tokyo systemd[19730]: Starting User preferences database...
Apr 22 22:47:33 tokyo dbus-daemon[19749]: [session uid=60581 pid=19749] Successfully activated service 'ca.desrt.dconf'
Apr 22 22:47:33 tokyo systemd[19730]: Started User preferences database.
Apr 22 22:47:34 tokyo dbus-daemon[19749]: [session uid=60581 pid=19749] Activating service name='org.gnome.Settings.GlobalShortcutsProvider' requested by ':1.34' (uid=60581 pid=20007 comm="/nix/store/l0wk46sxivxfy7l3vf8n6fd5p9fkk7m0-xdg-de")
Apr 22 22:47:34 tokyo gnome-shell[20051]: The XKEYBOARD keymap compiler (xkbcomp) reports:
Apr 22 22:47:34 tokyo gnome-shell[20051]: > Warning:          Could not resolve keysym XF86OK
Apr 22 22:47:34 tokyo gnome-shell[20051]: > Warning:          Could not resolve keysym XF86GoTo
Apr 22 22:47:34 tokyo gnome-shell[20051]: > Warning:          Could not resolve keysym XF86VendorLogo
Apr 22 22:47:34 tokyo gnome-shell[20051]: > Warning:          Could not resolve keysym XF86MediaSelectProgramGuide
Apr 22 22:47:34 tokyo gnome-shell[20051]: > Warning:          Could not resolve keysym XF86MediaSelectProgramGuide
Apr 22 22:47:34 tokyo gnome-shell[20051]: > Warning:          Could not resolve keysym XF86MediaSelectHome
Apr 22 22:47:34 tokyo gnome-shell[20051]: > Warning:          Could not resolve keysym XF86MediaLanguageMenu
Apr 22 22:47:34 tokyo gnome-shell[20051]: > Warning:          Could not resolve keysym XF86MediaTitleMenu
Apr 22 22:47:34 tokyo gnome-shell[20051]: > Warning:          Could not resolve keysym XF86AudioChannelMode
Apr 22 22:47:34 tokyo gnome-shell[20051]: > Warning:          Could not resolve keysym XF86MediaSelectPC
Apr 22 22:47:34 tokyo gnome-shell[20051]: > Warning:          Could not resolve keysym XF86MediaSelectTV
Apr 22 22:47:34 tokyo gnome-shell[20051]: > Warning:          Could not resolve keysym XF86MediaSelectCable
Apr 22 22:47:34 tokyo gnome-shell[20051]: > Warning:          Could not resolve keysym XF86MediaSelectVCR
Apr 22 22:47:34 tokyo gnome-shell[20051]: > Warning:          Could not resolve keysym XF86MediaSelectVCRPlus
Apr 22 22:47:34 tokyo gnome-shell[20051]: > Warning:          Could not resolve keysym XF86MediaSelectSatellite
Apr 22 22:47:34 tokyo gnome-shell[20051]: > Warning:          Could not resolve keysym XF86MediaSelectCD
Apr 22 22:47:34 tokyo gnome-shell[20051]: > Warning:          Could not resolve keysym XF86MediaSelectTape
Apr 22 22:47:34 tokyo gnome-shell[20051]: > Warning:          Could not resolve keysym XF86MediaSelectRadio
Apr 22 22:47:34 tokyo gnome-shell[20051]: > Warning:          Could not resolve keysym XF86MediaSelectTuner
Apr 22 22:47:34 tokyo gnome-shell[20051]: > Warning:          Could not resolve keysym XF86MediaPlayer
Apr 22 22:47:34 tokyo gnome-shell[20051]: > Warning:          Could not resolve keysym XF86MediaSelectTeletext
Apr 22 22:47:34 tokyo gnome-shell[20051]: > Warning:          Could not resolve keysym XF86MediaSelectAuxiliary
Apr 22 22:47:34 tokyo gnome-shell[20051]: > Warning:          Could not resolve keysym XF86MediaPlaySlow
Apr 22 22:47:34 tokyo gnome-shell[20051]: > Warning:          Could not resolve keysym XF86NumberEntryMode
Apr 22 22:47:34 tokyo gnome-shell[20051]: > Warning:          Could not resolve keysym XF86RefreshRateToggle
Apr 22 22:47:34 tokyo gnome-shell[20051]: > Warning:          Could not resolve keysym XF86Accessibility
Apr 22 22:47:34 tokyo gnome-shell[20051]: > Warning:          Could not resolve keysym XF86DoNotDisturb
Apr 22 22:47:34 tokyo gnome-shell[20051]: Errors from xkbcomp are not fatal to the X server
Apr 22 22:47:34 tokyo gnome-shell[19785]: Could not issue 'GetUnit' systemd call
Apr 22 22:47:34 tokyo systemd[19730]: Reached target GNOME session X11 services.
Apr 22 22:47:34 tokyo systemd[19730]: Starting GNOME XSettings service...
Apr 22 22:47:34 tokyo .gnome-shell-wr[19785]: Failed to launch ibus-daemon: Failed to execute child process “ibus-daemon” (No such file or directory)
Apr 22 22:47:34 tokyo dbus-daemon[19749]: [session uid=60581 pid=19749] Successfully activated service 'org.gnome.Settings.GlobalShortcutsProvider'
Apr 22 22:47:34 tokyo wireplumber[19941]: wp-event-dispatcher: wp_event_dispatcher_unregister_hook: assertion 'already_registered_dispatcher == self' failed
Apr 22 22:47:34 tokyo wireplumber[19941]: wp-event-dispatcher: wp_event_dispatcher_unregister_hook: assertion 'already_registered_dispatcher == self' failed
Apr 22 22:47:34 tokyo wireplumber[19941]: wp-event-dispatcher: wp_event_dispatcher_unregister_hook: assertion 'already_registered_dispatcher == self' failed
Apr 22 22:47:34 tokyo wireplumber[19941]: wp-event-dispatcher: wp_event_dispatcher_unregister_hook: assertion 'already_registered_dispatcher == self' failed
Apr 22 22:47:34 tokyo systemd[19730]: Started GNOME XSettings service.
Apr 22 22:47:34 tokyo systemd[19730]: Reached target GNOME session X11 services.
Apr 22 22:47:34 tokyo systemd[19730]: GNOME XSettings target is inactive.
Apr 22 22:47:34 tokyo gsd-xsettings[20058]: Failed to get current UI scaling factor: GDBus.Error:org.freedesktop.DBus.Error.NameHasNoOwner: Name "org.gnome.Mutter.X11" does not exist
Apr 22 22:47:34 tokyo gsd-xsettings[20069]: /run/current-system/sw/etc/xdg/Xwayland-session.d/00-at-spi: line 10: exec: xprop: not found
Apr 22 22:47:34 tokyo wireplumber[19941]: [0:48:44.978847944] [19941]  INFO IPAManager ipa_manager.cpp:147 libcamera is not installed. Adding '/nix/store/src/ipa' to the IPA search path
Apr 22 22:47:34 tokyo wireplumber[19941]: [0:48:44.978966160] [19941]  INFO Camera camera_manager.cpp:340 libcamera v0.6.0
Apr 22 22:47:34 tokyo wireplumber[19941]: [0:48:44.979960928] [20087] ERROR MediaDevice media_device.cpp:485 /dev/media0[]: Failed to open media device at /dev/media0: Permission denied
Apr 22 22:47:34 tokyo wireplumber[19941]: [0:48:44.979971336] [20087]  INFO DeviceEnumerator device_enumerator.cpp:224 Unable to populate media device /dev/media0 (Permission denied), skipping
Apr 22 22:47:34 tokyo wireplumber[19941]: [0:48:44.979977247] [20087]  WARN DeviceEnumerator device_enumerator_udev.cpp:174 Failed to add device for '/sys/devices/pci0000:00/0000:00:14.0/usb1/1-10/1-10:1.0/media0', skipping
Apr 22 22:47:34 tokyo dbus-daemon[19749]: [session uid=60581 pid=19749] Successfully activated service 'org.freedesktop.impl.portal.desktop.gnome'
Apr 22 22:47:34 tokyo systemd[19730]: Started Portal service (GNOME implementation).
Apr 22 22:47:34 tokyo dbus-daemon[19749]: [session uid=60581 pid=19749] Activating via systemd: service name='org.freedesktop.impl.portal.desktop.gtk' unit='xdg-desktop-portal-gtk.service' requested by ':1.31' (uid=60581 pid=19963 comm="/nix/store/15vzkg4d013qp9yvj7hsf386x26k6bhg-xdg-de")
Apr 22 22:47:34 tokyo systemd[19730]: Starting Portal service (GTK/GNOME implementation)...
Apr 22 22:47:34 tokyo dbus-daemon[19749]: [session uid=60581 pid=19749] Successfully activated service 'org.freedesktop.impl.portal.desktop.gtk'
Apr 22 22:47:34 tokyo systemd[19730]: Started Portal service (GTK/GNOME implementation).
Apr 22 22:47:34 tokyo dbus-daemon[19749]: [session uid=60581 pid=19749] Activating service name='org.freedesktop.secrets' requested by ':1.31' (uid=60581 pid=19963 comm="/nix/store/15vzkg4d013qp9yvj7hsf386x26k6bhg-xdg-de")
Apr 22 22:47:34 tokyo gnome-keyring-daemon[20111]: couldn't access control socket: /run/user/60581/keyring/control: No such file or directory
Apr 22 22:47:34 tokyo gnome-keyring-daemon[20111]: discover_other_daemon: 0
Apr 22 22:47:34 tokyo gnome-keyring-daemon[20111]: couldn't access control socket: /run/user/60581/keyring/control: No such file or directory
Apr 22 22:47:34 tokyo dbus-daemon[19749]: [session uid=60581 pid=19749] Successfully activated service 'org.freedesktop.secrets'
Apr 22 22:47:34 tokyo dbus-daemon[19749]: [session uid=60581 pid=19749] Successfully activated service 'org.freedesktop.portal.Desktop'
Apr 22 22:47:34 tokyo systemd[19730]: Started Portal service.
Apr 22 22:47:34 tokyo dbus-daemon[19749]: [session uid=60581 pid=19749] Successfully activated service 'org.gnome.Shell.Screencast'
